// Jest Snapshot v1, https://goo.gl/fbAQLP

exports[`CSS URL via \`file-loader\` production mode useLightnincsss(false) should've emitted expected files 1`] = `".red-text{color:red;background-image:url(/_next/static/media/dark.6b01655b.svg) url(/_next/static/media/dark2.6b01655b.svg)}.blue-text{color:orange;font-weight:bolder;background-image:url(/_next/static/media/light.2da1d3d6.svg);color:blue}"`;

exports[`CSS URL via \`file-loader\` production mode useLightnincsss(true) should've emitted expected files 1`] = `".red-text{color:red;background-image:url(/_next/static/media/dark.6b01655b.svg) url(/_next/static/media/dark2.6b01655b.svg)}.blue-text{color:orange;background-image:url(/_next/static/media/light.2da1d3d6.svg);font-weight:bolder;color:#00f}"`;

exports[`Multi Global Support (reversed) production mode useLightnincsss(false) should've emitted a single CSS file 1`] = `".blue-text{color:blue}.red-text{color:red}"`;

exports[`Multi Global Support (reversed) production mode useLightnincsss(true) should've emitted a single CSS file 1`] = `".blue-text{color:#00f}.red-text{color:red}"`;

exports[`Multi Global Support production mode useLightnincsss(false) should've emitted a single CSS file 1`] = `".red-text{color:red}.blue-text{color:blue}"`;

exports[`Multi Global Support production mode useLightnincsss(true) should've emitted a single CSS file 1`] = `".red-text{color:red}.blue-text{color:#00f}"`;

exports[`Nested @import() Global Support production mode useLightnincsss(false) should've emitted a single CSS file 1`] = `".red-text{color:purple;font-weight:bolder;color:red}.blue-text{color:orange;font-weight:bolder;color:blue}"`;

exports[`Nested @import() Global Support production mode useLightnincsss(true) should've emitted a single CSS file 1`] = `".red-text{color:purple;font-weight:bolder;color:red}.blue-text{color:orange;font-weight:bolder;color:#00f}"`;
